Archive member included to satisfy reference by file (symbol)

/usr/lib/x86_64-linux-gnu/libc_nonshared.a(elf-init.oS)
                              /usr/lib/gcc/x86_64-linux-gnu/4.9/../../../x86_64-linux-gnu/crt1.o (__libc_csu_init)
/usr/lib/x86_64-linux-gnu/libc_nonshared.a(stat.oS)
                              dotconf.o (stat)

Allocating common symbols
Common symbol       size              file

stk_msg             0x114             stk500v2.o
stk_addr_size       0x1               stk500v2.o
stk_timeout         0x4               stk500v2.o
stk_addr            0x4               stk500v2.o
stk_seqnum          0x1               stk500v2.o
pic32_conf          0x21c             pic32.o
pic14_conf          0x58              pic14.o
pic12_conf          0xe               pic12.o
pic16_conf          0x1a              pic16.o
pic24_conf          0x2f4             pic24.o

Discarded input sections

 .note.GNU-stack
                0x0000000000000000        0x0 /usr/lib/gcc/x86_64-linux-gnu/4.9/../../../x86_64-linux-gnu/crt1.o
 .gnu_debuglink
                0x0000000000000000        0xc /usr/lib/gcc/x86_64-linux-gnu/4.9/../../../x86_64-linux-gnu/crt1.o
 .note.GNU-stack
                0x0000000000000000        0x0 /usr/lib/gcc/x86_64-linux-gnu/4.9/../../../x86_64-linux-gnu/crti.o
 .gnu_debuglink
                0x0000000000000000        0xc /usr/lib/gcc/x86_64-linux-gnu/4.9/../../../x86_64-linux-gnu/crti.o
 .note.GNU-stack
                0x0000000000000000        0x0 /usr/lib/gcc/x86_64-linux-gnu/4.9/crtbegin.o
 .note.GNU-stack
                0x0000000000000000        0x0 pickle.o
 .note.GNU-stack
                0x0000000000000000        0x0 dotconf.o
 .note.GNU-stack
                0x0000000000000000        0x0 inhx32.o
 .note.GNU-stack
                0x0000000000000000        0x0 io.o
 .note.GNU-stack
                0x0000000000000000        0x0 pic.o
 .note.GNU-stack
                0x0000000000000000        0x0 util.o
 .note.GNU-stack
                0x0000000000000000        0x0 pic12.o
 .note.GNU-stack
                0x0000000000000000        0x0 pic14.o
 .note.GNU-stack
                0x0000000000000000        0x0 pic16.o
 .note.GNU-stack
                0x0000000000000000        0x0 pic24.o
 .note.GNU-stack
                0x0000000000000000        0x0 pic32.o
 .note.GNU-stack
                0x0000000000000000        0x0 serial_posix.o
 .note.GNU-stack
                0x0000000000000000        0x0 stk500v2.o
 .note.GNU-stack
                0x0000000000000000        0x0 stk500v2_load.o
 .note.GNU-stack
                0x0000000000000000        0x0 stk500v2_listen.o
 .note.GNU-stack
                0x0000000000000000        0x0 ip.o
 .note.GNU-stack
                0x0000000000000000        0x0 rw.o
 .note.GNU-stack
                0x0000000000000000        0x0 mcp23017.o
 .note.GNU-stack
                0x0000000000000000        0x0 gpio-bb.o
 .note.GNU-stack
                0x0000000000000000        0x0 /usr/lib/x86_64-linux-gnu/libc_nonshared.a(elf-init.oS)
 .note.GNU-stack
                0x0000000000000000        0x0 /usr/lib/x86_64-linux-gnu/libc_nonshared.a(stat.oS)
 .note.GNU-stack
                0x0000000000000000        0x0 /usr/lib/gcc/x86_64-linux-gnu/4.9/crtend.o
 .note.GNU-stack
                0x0000000000000000        0x0 /usr/lib/gcc/x86_64-linux-gnu/4.9/../../../x86_64-linux-gnu/crtn.o
 .gnu_debuglink
                0x0000000000000000        0xc /usr/lib/gcc/x86_64-linux-gnu/4.9/../../../x86_64-linux-gnu/crtn.o

Memory Configuration

Name             Origin             Length             Attributes
*default*        0x0000000000000000 0xffffffffffffffff

Linker script and memory map

LOAD /usr/lib/gcc/x86_64-linux-gnu/4.9/../../../x86_64-linux-gnu/crt1.o
LOAD /usr/lib/gcc/x86_64-linux-gnu/4.9/../../../x86_64-linux-gnu/crti.o
LOAD /usr/lib/gcc/x86_64-linux-gnu/4.9/crtbegin.o
LOAD pickle.o
LOAD dotconf.o
LOAD inhx32.o
LOAD io.o
LOAD pic.o
LOAD util.o
LOAD pic12.o
LOAD pic14.o
LOAD pic16.o
LOAD pic24.o
LOAD pic32.o
LOAD serial_posix.o
LOAD stk500v2.o
LOAD stk500v2_load.o
LOAD stk500v2_listen.o
LOAD ip.o
LOAD rw.o
LOAD mcp23017.o
LOAD gpio-bb.o
LOAD /usr/lib/gcc/x86_64-linux-gnu/4.9/libgcc.a
LOAD /usr/lib/gcc/x86_64-linux-gnu/4.9/libgcc_s.so
LOAD /usr/lib/gcc/x86_64-linux-gnu/4.9/../../../x86_64-linux-gnu/libc.so
START GROUP
LOAD /lib/x86_64-linux-gnu/libc.so.6
LOAD /usr/lib/x86_64-linux-gnu/libc_nonshared.a
LOAD /lib/x86_64-linux-gnu/ld-linux-x86-64.so.2
END GROUP
LOAD /usr/lib/gcc/x86_64-linux-gnu/4.9/libgcc.a
LOAD /usr/lib/gcc/x86_64-linux-gnu/4.9/libgcc_s.so
LOAD /usr/lib/gcc/x86_64-linux-gnu/4.9/crtend.o
LOAD /usr/lib/gcc/x86_64-linux-gnu/4.9/../../../x86_64-linux-gnu/crtn.o
                [!provide]                        PROVIDE (__executable_start, 0x400000)
                0x0000000000400238                . = (0x400000 + SIZEOF_HEADERS)

.interp         0x0000000000400238       0x1c
 *(.interp)
 .interp        0x0000000000400238       0x1c /usr/lib/gcc/x86_64-linux-gnu/4.9/../../../x86_64-linux-gnu/crt1.o

.note.ABI-tag   0x0000000000400254       0x20
 .note.ABI-tag  0x0000000000400254       0x20 /usr/lib/gcc/x86_64-linux-gnu/4.9/../../../x86_64-linux-gnu/crt1.o

.note.gnu.build-id
                0x0000000000400274       0x24
 *(.note.gnu.build-id)
 .note.gnu.build-id
                0x0000000000400274       0x24 /usr/lib/gcc/x86_64-linux-gnu/4.9/../../../x86_64-linux-gnu/crt1.o

.hash
 *(.hash)

.gnu.hash       0x0000000000400298       0x30
 *(.gnu.hash)
 .gnu.hash      0x0000000000400298       0x30 /usr/lib/gcc/x86_64-linux-gnu/4.9/../../../x86_64-linux-gnu/crt1.o

.dynsym         0x00000000004002c8      0x768
 *(.dynsym)
 .dynsym        0x00000000004002c8      0x768 /usr/lib/gcc/x86_64-linux-gnu/4.9/../../../x86_64-linux-gnu/crt1.o

.dynstr         0x0000000000400a30      0x2b7
 *(.dynstr)
 .dynstr        0x0000000000400a30      0x2b7 /usr/lib/gcc/x86_64-linux-gnu/4.9/../../../x86_64-linux-gnu/crt1.o

.gnu.version    0x0000000000400ce8       0x9e
 *(.gnu.version)
 .gnu.version   0x0000000000400ce8       0x9e /usr/lib/gcc/x86_64-linux-gnu/4.9/../../../x86_64-linux-gnu/crt1.o

.gnu.version_d  0x0000000000400d88        0x0
 *(.gnu.version_d)
 .gnu.version_d
                0x0000000000400d88        0x0 /usr/lib/gcc/x86_64-linux-gnu/4.9/../../../x86_64-linux-gnu/crt1.o

.gnu.version_r  0x0000000000400d88       0x50
 *(.gnu.version_r)
 .gnu.version_r
                0x0000000000400d88       0x50 /usr/lib/gcc/x86_64-linux-gnu/4.9/../../../x86_64-linux-gnu/crt1.o

.rela.dyn       0x0000000000400dd8       0x60
 *(.rela.init)
 *(.rela.text .rela.text.* .rela.gnu.linkonce.t.*)
 .rela.text     0x0000000000400dd8        0x0 /usr/lib/gcc/x86_64-linux-gnu/4.9/../../../x86_64-linux-gnu/crt1.o
 .rela.text.startup
                0x0000000000400dd8        0x0 /usr/lib/gcc/x86_64-linux-gnu/4.9/../../../x86_64-linux-gnu/crt1.o
 *(.rela.fini)
 *(.rela.rodata .rela.rodata.* .rela.gnu.linkonce.r.*)
 *(.rela.data .rela.data.* .rela.gnu.linkonce.d.*)
 *(.rela.tdata .rela.tdata.* .rela.gnu.linkonce.td.*)
 *(.rela.tbss .rela.tbss.* .rela.gnu.linkonce.tb.*)
 *(.rela.ctors)
 *(.rela.dtors)
 *(.rela.got)
 .rela.got      0x0000000000400dd8       0x18 /usr/lib/gcc/x86_64-linux-gnu/4.9/../../../x86_64-linux-gnu/crt1.o
 *(.rela.bss .rela.bss.* .rela.gnu.linkonce.b.*)
 .rela.bss      0x0000000000400df0       0x48 /usr/lib/gcc/x86_64-linux-gnu/4.9/../../../x86_64-linux-gnu/crt1.o
 *(.rela.ldata .rela.ldata.* .rela.gnu.linkonce.l.*)
 *(.rela.lbss .rela.lbss.* .rela.gnu.linkonce.lb.*)
 *(.rela.lrodata .rela.lrodata.* .rela.gnu.linkonce.lr.*)
 *(.rela.ifunc)

.rela.plt       0x0000000000400e38      0x708
 *(.rela.plt)
 .rela.plt      0x0000000000400e38      0x708 /usr/lib/gcc/x86_64-linux-gnu/4.9/../../../x86_64-linux-gnu/crt1.o
                [!provide]                        PROVIDE (__rela_iplt_start, .)
 *(.rela.iplt)
 .rela.iplt     0x0000000000401540        0x0 /usr/lib/gcc/x86_64-linux-gnu/4.9/../../../x86_64-linux-gnu/crt1.o
                [!provide]                        PROVIDE (__rela_iplt_end, .)

.init           0x0000000000401540       0x1a
 *(SORT(.init))
 .init          0x0000000000401540       0x15 /usr/lib/gcc/x86_64-linux-gnu/4.9/../../../x86_64-linux-gnu/crti.o
                0x0000000000401540                _init
 .init          0x0000000000401555        0x5 /usr/lib/gcc/x86_64-linux-gnu/4.9/../../../x86_64-linux-gnu/crtn.o

.plt            0x0000000000401560      0x4c0
 *(.plt)
 .plt           0x0000000000401560      0x4c0 /usr/lib/gcc/x86_64-linux-gnu/4.9/../../../x86_64-linux-gnu/crt1.o
                0x0000000000401570                getenv@@GLIBC_2.2.5
                0x0000000000401580                __snprintf_chk@@GLIBC_2.3.4
                0x0000000000401590                free@@GLIBC_2.2.5
                0x00000000004015a0                putchar@@GLIBC_2.2.5
                0x00000000004015b0                strcasecmp@@GLIBC_2.2.5
                0x00000000004015c0                __errno_location@@GLIBC_2.2.5
                0x00000000004015d0                unlink@@GLIBC_2.2.5
                0x00000000004015e0                strncpy@@GLIBC_2.2.5
                0x00000000004015f0                strcpy@@GLIBC_2.2.5
                0x0000000000401600                puts@@GLIBC_2.2.5
                0x0000000000401610                qsort@@GLIBC_2.2.5
                0x0000000000401620                fread@@GLIBC_2.2.5
                0x0000000000401630                setsockopt@@GLIBC_2.2.5
                0x0000000000401640                tcdrain@@GLIBC_2.2.5
                0x0000000000401650                fcntl@@GLIBC_2.2.5
                0x0000000000401660                write@@GLIBC_2.2.5
                0x0000000000401670                fclose@@GLIBC_2.2.5
                0x0000000000401680                cfsetospeed@@GLIBC_2.2.5
                0x0000000000401690                __stack_chk_fail@@GLIBC_2.4
                0x00000000004016a0                getuid@@GLIBC_2.2.5
                0x00000000004016b0                tcflush@@GLIBC_2.2.5
                0x00000000004016c0                __fdelt_chk@@GLIBC_2.15
                0x00000000004016d0                snprintf@@GLIBC_2.2.5
                0x00000000004016e0                dirname@@GLIBC_2.2.5
                0x00000000004016f0                gettimeofday@@GLIBC_2.2.5
                0x0000000000401700                setpriority@@GLIBC_2.2.5
                0x0000000000401710                geteuid@@GLIBC_2.2.5
                0x0000000000401720                ioctl@@GLIBC_2.2.5
                0x0000000000401730                getcwd@@GLIBC_2.2.5
                0x0000000000401740                fgetc@@GLIBC_2.2.5
                0x0000000000401750                close@@GLIBC_2.2.5
                0x0000000000401760                read@@GLIBC_2.2.5
                0x0000000000401770                __libc_start_main@@GLIBC_2.2.5
                0x0000000000401780                memcmp@@GLIBC_2.2.5
                0x0000000000401790                fgets@@GLIBC_2.2.5
                0x00000000004017a0                calloc@@GLIBC_2.2.5
                0x00000000004017b0                inet_addr@@GLIBC_2.2.5
                0x00000000004017c0                strcmp@@GLIBC_2.2.5
                0x00000000004017d0                signal@@GLIBC_2.2.5
                0x00000000004017e0                gethostbyname@@GLIBC_2.2.5
                0x00000000004017f0                __memcpy_chk@@GLIBC_2.3.4
                0x0000000000401810                strtol@@GLIBC_2.2.5
                0x0000000000401820                __xpg_basename@@GLIBC_2.2.5
                0x0000000000401830                select@@GLIBC_2.2.5
                0x0000000000401840                __xstat@@GLIBC_2.2.5
                0x0000000000401850                tolower@@GLIBC_2.2.5
                0x0000000000401860                malloc@@GLIBC_2.2.5
                0x0000000000401870                fflush@@GLIBC_2.2.5
                0x0000000000401880                listen@@GLIBC_2.2.5
                0x0000000000401890                mkstemp@@GLIBC_2.2.5
                0x00000000004018a0                fseek@@GLIBC_2.2.5
                0x00000000004018b0                fdopen@@GLIBC_2.2.5
                0x00000000004018c0                __printf_chk@@GLIBC_2.3.4
                0x00000000004018d0                bind@@GLIBC_2.2.5
                0x00000000004018e0                tcgetattr@@GLIBC_2.2.5
                0x00000000004018f0                tcsetattr@@GLIBC_2.2.5
                0x0000000000401900                open@@GLIBC_2.2.5
                0x0000000000401910                access@@GLIBC_2.2.5
                0x0000000000401920                fopen@@GLIBC_2.2.5
                0x0000000000401930                cfsetispeed@@GLIBC_2.2.5
                0x0000000000401940                accept@@GLIBC_2.2.5
                0x0000000000401950                strtoul@@GLIBC_2.2.5
                0x0000000000401960                __memset_chk@@GLIBC_2.3.4
                0x0000000000401970                exit@@GLIBC_2.2.5
                0x0000000000401980                connect@@GLIBC_2.2.5
                0x0000000000401990                fwrite@@GLIBC_2.2.5
                0x00000000004019a0                __fprintf_chk@@GLIBC_2.3.4
                0x00000000004019b0                setuid@@GLIBC_2.2.5
                0x00000000004019c0                strdup@@GLIBC_2.2.5
                0x00000000004019d0                strerror@@GLIBC_2.2.5
                0x00000000004019e0                sleep@@GLIBC_2.2.5
                0x00000000004019f0                strstr@@GLIBC_2.2.5
                0x0000000000401a00                usleep@@GLIBC_2.2.5
                0x0000000000401a10                socket@@GLIBC_2.2.5
 *(.iplt)
 .iplt          0x0000000000401a20        0x0 /usr/lib/gcc/x86_64-linux-gnu/4.9/../../../x86_64-linux-gnu/crt1.o

.plt.bnd
 *(.plt.bnd)

.text           0x0000000000401a20     0xfff0
 *(.text.unlikely .text.*_unlikely .text.unlikely.*)
 .text.unlikely
                0x0000000000401a20        0x0 /usr/lib/gcc/x86_64-linux-gnu/4.9/crtbegin.o
 .text.unlikely
                0x0000000000401a20        0x0 pickle.o
 .text.unlikely
                0x0000000000401a20        0x0 dotconf.o
 .text.unlikely
                0x0000000000401a20        0x0 inhx32.o
 .text.unlikely
                0x0000000000401a20        0x0 io.o
 .text.unlikely
                0x0000000000401a20        0x0 pic.o
 .text.unlikely
                0x0000000000401a20        0x0 util.o
 .text.unlikely
                0x0000000000401a20        0x0 pic12.o
 .text.unlikely
                0x0000000000401a20        0x0 pic14.o
 .text.unlikely
                0x0000000000401a20        0x0 pic16.o
 .text.unlikely
                0x0000000000401a20        0x0 pic24.o
 .text.unlikely
                0x0000000000401a20        0x0 pic32.o
 .text.unlikely
                0x0000000000401a20        0x0 serial_posix.o
 .text.unlikely
                0x0000000000401a20        0x0 stk500v2.o
 .text.unlikely
                0x0000000000401a20        0x0 stk500v2_load.o
 .text.unlikely
                0x0000000000401a20        0x0 stk500v2_listen.o
 .text.unlikely
                0x0000000000401a20        0x0 ip.o
 .text.unlikely
                0x0000000000401a20        0x0 rw.o
 .text.unlikely
                0x0000000000401a20        0x0 mcp23017.o
 .text.unlikely
                0x0000000000401a20        0x0 gpio-bb.o
 .text.unlikely
                0x0000000000401a20        0x0 /usr/lib/x86_64-linux-gnu/libc_nonshared.a(elf-init.oS)
 .text.unlikely
                0x0000000000401a20        0x0 /usr/lib/x86_64-linux-gnu/libc_nonshared.a(stat.oS)
 *(.text.exit .text.exit.*)
 *(.text.startup .text.startup.*)
 .text.startup  0x0000000000401a20      0xbab pickle.o
                0x0000000000401a20                main
 *(.text.hot .text.hot.*)
 *(.text .stub .text.* .gnu.linkonce.t.*)
 *fill*         0x00000000004025cb        0x5 
 .text          0x00000000004025d0       0x2a /usr/lib/gcc/x86_64-linux-gnu/4.9/../../../x86_64-linux-gnu/crt1.o
                0x00000000004025d0                _start
 .text          0x00000000004025fa        0x0 /usr/lib/gcc/x86_64-linux-gnu/4.9/../../../x86_64-linux-gnu/crti.o
 *fill*         0x00000000004025fa        0x6 
 .text          0x0000000000402600       0xc6 /usr/lib/gcc/x86_64-linux-gnu/4.9/crtbegin.o
 .text          0x00000000004026c6      0xdad pickle.o
                0x00000000004026c6                usage_pickle
                0x0000000000402737                usage_pctrl
                0x00000000004027bf                usage_pload
                0x0000000000402847                usage_ptest
                0x00000000004028cf                usage_p12
                0x0000000000402b20                usage_p14
                0x0000000000402d7d                usage_p16
                0x0000000000402fa4                usage_p24
                0x00000000004031e6                usage_p32
                0x00000000004033a1                usage
                0x000000000040342f                resetuid
 .text          0x0000000000403473      0x62f dotconf.o
                0x0000000000403473                getdotpath
                0x0000000000403596                getdotfile
                0x000000000040370f                getconf
 .text          0x0000000000403aa2      0x6d0 inhx32.o
                0x0000000000403aa2                inhx32_array_compare
                0x0000000000403abb                inhx32_fgets
                0x0000000000403c2c                inhx32_get
                0x0000000000403d2d                inhx32_qsort_input
                0x0000000000403f20                inhx32_array_create
                0x0000000000404025                inhx32_array_free
                0x0000000000404067                inhx32_memory_create
 .text          0x0000000000404172     0x1a96 io.o
                0x0000000000404172                io_signal
                0x000000000040417d                io_signal_on
                0x00000000004041a7                io_signal_off
                0x00000000004041c1                io_config
                0x000000000040425f                io_release
                0x000000000040432a                io_error
                0x0000000000404371                io_fault
                0x0000000000404389                io_usleep
                0x0000000000404422                io_set_vpp
                0x000000000040452c                io_close
                0x00000000004045b1                io_exit
                0x00000000004045d6                io_open
                0x00000000004046a6                io_set_pgm
                0x0000000000404746                io_set_pgd
                0x00000000004047f4                io_set_pgc
                0x00000000004048cc                io_get_pgd
                0x0000000000404975                io_configure
                0x0000000000404a0a                io_data_input
                0x0000000000404a35                io_clock_in_bits
                0x0000000000404a9c                io_clock_out_bits
                0x0000000000404adf                io_clock_bit_4phase
                0x0000000000404b58                io_program_feedback
                0x0000000000404bc4                io_clock_bits_4phase
                0x0000000000404c29                io_program_in
                0x0000000000404cad                io_program_out
                0x0000000000404d31                io_test0
                0x0000000000404f0e                io_test1
                0x0000000000405112                io_test2
                0x000000000040530d                io_test3
                0x0000000000405360                io_test4
                0x00000000004054e0                io_test_out
                0x00000000004055a0                io_test_in
                0x0000000000405701                io_test_command
                0x0000000000405943                io_test_err
                0x00000000004059b2                io_test_switch
                0x0000000000405a65                io_test_lasterror
                0x0000000000405b0d                io_test5
 .text          0x0000000000405c08     0x154b pic.o
                0x0000000000405c08                pic_arch
                0x0000000000405c80                pic_cmp
                0x0000000000405c8b                pic_selector
                0x0000000000405cb3                pic_program_begin
                0x0000000000405cc6                pic_program_data
                0x0000000000405cdb                pic_program_end
                0x0000000000405cee                pic_verify_begin
                0x0000000000405d01                pic_verify_data
                0x0000000000405d16                pic_verify_end
                0x0000000000405d29                pic_pe_read_file
                0x0000000000405ec4                pic_pe_lookup_file
                0x0000000000405fa2                pic_pe_lookup
                0x000000000040604a                pic_read_config
                0x0000000000406078                pic_get_program_size
                0x00000000004060a6                pic_get_data_size
                0x00000000004060d4                pic_get_executive_size
                0x0000000000406102                pic_get_boot_size
                0x0000000000406130                pic_read_program_memory_block
                0x000000000040615e                pic_read_data_memory_block
                0x000000000040618f                pic_bulk_erase
                0x00000000004061ba                pic_program
                0x00000000004062e2                pic_verify
                0x00000000004063ea                pic_view
                0x00000000004064ad                pic_writebandgap
                0x00000000004064f6                pic_writeosccal
                0x000000000040653f                pic_blank
                0x0000000000406587                pic_erase
                0x00000000004065d9                pic_dumpdeviceid
                0x000000000040661d                pic_dumpconfig
                0x0000000000406666                pic_dumposccal
                0x00000000004066aa                pic_dumpaddr
                0x00000000004066f0                pic_dumpbyte
                0x000000000040673f                pic_dumpword16
                0x000000000040679c                pic_dumpword32
                0x0000000000406812                pic_dumpadj
                0x0000000000406888                pic_mtcode
                0x00000000004068aa                pic_dumphexcode
                0x00000000004068d5                pic_dumpinhxcode
                0x0000000000406900                pic_dump_program
                0x00000000004069be                pic_dumpprogram
                0x0000000000406a8c                pic_dumpexec
                0x0000000000406b5a                pic_dumpboot
                0x0000000000406c28                pic_mtdata
                0x0000000000406c4b                pic_dumphexdata
                0x0000000000406c76                pic_dumpinhxdata
                0x0000000000406ca1                pic_dump_data
                0x0000000000406d5d                pic_dumpdevice
                0x0000000000406eb8                pic_dumpdata
                0x0000000000406f6a                pic_write_panel
 .text          0x0000000000407153      0x16b util.o
                0x0000000000407153                areyousure
                0x0000000000407182                mystrcasestr
                0x000000000040722a                hex2nibble
                0x000000000040724b                hex2byte
                0x000000000040727a                rmcrlf
 .text          0x00000000004072be     0x1153 pic12.o
                0x00000000004072be                pic12_get_program_size
                0x00000000004072d9                pic12_get_data_size
                0x0000000000407304                pic12_dumpconfig
                0x0000000000407321                pic12_dumpdeviceid
                0x0000000000407473                pic12_selector
                0x000000000040753c                pic12_standby
                0x0000000000407628                pic12_view_data
                0x000000000040768a                pic12_dumphexcode
                0x0000000000407781                pic12_dumpinhxcode
                0x0000000000407874                pic12_dumphexdata
                0x0000000000407967                pic12_dumpinhxdata
                0x0000000000407a33                pic12_dumpdevice
                0x0000000000407a8f                pic12_dumposccal
                0x0000000000407b0c                pic12_arch
                0x0000000000407b1e                pic12_program_verify
                0x0000000000407b6b                pic12_read_program_memory_increment
                0x0000000000407b86                pic12_read_config_memory
                0x0000000000407d00                pic12_read_program_memory_block
                0x0000000000407d58                pic12_read_data_memory_block
                0x0000000000407dae                pic12_erase_device
                0x0000000000407e53                pic12_osccal_write
                0x0000000000407f4f                pic12_bulk_erase
                0x0000000000407f7b                pic12_write_osccal
                0x0000000000407fbd                pic12_write_config
                0x0000000000407fe5                pic12_getregion
                0x0000000000408043                pic12_initregion
                0x00000000004080a2                pic12_verify_data
                0x00000000004081f6                pic12_loadregion
                0x0000000000408317                pic12_program_data
                0x00000000004083e9                pic12_program_end
 .text          0x0000000000408411     0x202d pic14.o
                0x0000000000408411                pic14_get_program_size
                0x000000000040842c                pic14_get_data_size
                0x0000000000408457                pic14_dumpconfig
                0x00000000004084db                pic14_dumpdeviceid
                0x000000000040883b                pic14_selector
                0x0000000000408a39                pic14_view_data
                0x0000000000408a9b                pic14_dumphexcode
                0x0000000000408b92                pic14_dumpinhxcode
                0x0000000000408c85                pic14_dumphexdata
                0x0000000000408d78                pic14_dumpinhxdata
                0x0000000000408e51                pic14_dumpdevice
                0x0000000000408edb                pic14_dumposccal
                0x0000000000408f27                pic14_standby
                0x0000000000408f6a                pic14_arch
                0x0000000000408f7c                pic14_program_verify
                0x0000000000409017                pic14_read_program_memory_increment
                0x0000000000409032                pic14_read_program_memory_block
                0x000000000040908c                pic14_read_data_memory_increment
                0x00000000004090a7                pic14_read_data_memory_block
                0x0000000000409113                pic14_erase_device
                0x000000000040941b                pic14_write_word
                0x00000000004096a6                pic14_row_erase
                0x00000000004097ff                pic14_write_calib
                0x00000000004098a6                pic14_osccal_read
                0x00000000004098dd                pic14_read_config_memory
                0x0000000000409afc                pic14_osccal_write
                0x0000000000409b66                pic14_bandgap_write
                0x0000000000409be8                pic14_bulk_erase
                0x0000000000409c22                pic14_write_osccal
                0x0000000000409c7b                pic14_write_bandgap
                0x0000000000409cd4                pic14_write_config
                0x0000000000409e3f                pic14_getregion
                0x0000000000409f02                pic14_initregion
                0x0000000000409fb5                pic14_verify_data
                0x000000000040a179                pic14_loadregion
                0x000000000040a344                pic14_program_data
                0x000000000040a416                pic14_program_end
 .text          0x000000000040a43e     0x19eb pic16.o
                0x000000000040a45d                pic16_get_program_size
                0x000000000040a477                pic16_get_data_size
                0x000000000040a492                pic16_dumpconfig
                0x000000000040a4f0                pic16_dumpdeviceid
                0x000000000040a689                pic16_selector
                0x000000000040a752                pic16_standby
                0x000000000040a867                pic16_view_data
                0x000000000040a8b3                pic16_dumphexcode
                0x000000000040a9c7                pic16_dumpinhxcode
                0x000000000040aab7                pic16_dumphexdata
                0x000000000040abaa                pic16_dumpinhxdata
                0x000000000040ac92                pic16_program_verify
                0x000000000040ad6c                pic16_dumpdevice
                0x000000000040adf5                pic16_arch
                0x000000000040ae07                pic16_init_code_memory_access
                0x000000000040ae2d                pic16_init_config_memory_access
                0x000000000040ae53                pic16_init_data_memory_access
                0x000000000040ae79                pic16_write_enable
                0x000000000040ae8e                pic16_write_disable
                0x000000000040aea3                pic16_free
                0x000000000040aeb8                pic16_write
                0x000000000040aecd                pic16_set_table_pointer
                0x000000000040af1f                pic16_read_config_memory
                0x000000000040b0ef                pic16_read_program_memory_block
                0x000000000040b14b                pic16_write_panel
                0x000000000040b1fc                pic16_erase_block
                0x000000000040b288                pic16_erase_row
                0x000000000040b38f                pic16_bulk_erase
                0x000000000040b53a                pic16_set_data_pointer
                0x000000000040b5a5                pic16_read_data_memory
                0x000000000040b619                pic16_read_data_memory_block
                0x000000000040b668                pic16_write_data_memory
                0x000000000040b7e0                pic16_row_erase
                0x000000000040b8e4                pic16_write_panel_init
                0x000000000040b932                pic16_program_begin
                0x000000000040b93e                pic16_goto100000
                0x000000000040b954                pic16_write_configreg
                0x000000000040b9c4                pic16_write_config
                0x000000000040ba7f                pic16_program_end
                0x000000000040baa7                pic16_getregion
                0x000000000040bb4a                pic16_program_data
                0x000000000040bca5                pic16_verify_data
 .text          0x000000000040be29     0x2bbb pic24.o
                0x000000000040be29                pic24_get_program_size
                0x000000000040be43                pic24_get_data_size
                0x000000000040be82                pic24_get_executive_size
                0x000000000040bec5                pic24_dumpconfig
                0x000000000040c2f0                pic24_dumpdeviceid
                0x000000000040c8d5                pic24_selector
                0x000000000040c9a1                pic24_standby
                0x000000000040c9ee                pic24_view_data
                0x000000000040ca57                pic24_dumphexcode
                0x000000000040cb81                pic24_dumpinhxcode
                0x000000000040cc9c                pic24_dumphexdata
                0x000000000040cdb8                pic24_dumpinhxdata
                0x000000000040cf12                pic24_dumpdevice
                0x000000000040cfd4                pic24_arch
                0x000000000040cfe6                pic24_goto200
                0x000000000040cff7                pic24_program_verify
                0x000000000040d113                pic24_readreg
                0x000000000040d14d                pic24_set_read_pointer
                0x000000000040d20c                pic24_read_data_memory_block
                0x000000000040d25a                pic24_set_write_pointer
                0x000000000040d2a7                pic24_table_read24_post_increment
                0x000000000040d2e3                pic24_read_config_memory
                0x000000000040d588                pic24_table_read48_post_increment
                0x000000000040d60f                pic24_read_program_memory_block
                0x000000000040d6dd                pic24_nvmcon_write_completion
                0x000000000040d7d8                pic24_nvmcon_write_external
                0x000000000040d836                pic24_PIC24FJ_erase
                0x000000000040d892                pic24_dsPIC33FJ_erase
                0x000000000040d8f3                pic24_PIC24FKA_erase
                0x000000000040d94f                pic24_dsPIC33E_PIC24E_erase
                0x000000000040d9d1                pic24_write_program_init
                0x000000000040da8d                pic24_restore_calibration
                0x000000000040db35                pic24_program_begin
                0x000000000040db41                pic24_write_program
                0x000000000040dd37                pic24_write_data
                0x000000000040de89                pic24_write_program_word24
                0x000000000040def1                pic24_write_program_word48
                0x000000000040e05f                pic24_write_data_word16
                0x000000000040e09d                pic24_write_panel
                0x000000000040e108                pic24_write_config_init1
                0x000000000040e155                pic24_write_config_init2
                0x000000000040e192                pic24_write_config_word
                0x000000000040e1f1                pic24_write_config_words
                0x000000000040e270                pic24_dsPIC30F_erase
                0x000000000040e2f6                pic24_write_fuid_words
                0x000000000040e36f                pic24_dsPIC33F_PIC24H_erase
                0x000000000040e3df                pic24_bulk_erase
                0x000000000040e4a1                pic24_write_config
                0x000000000040e51d                pic24_program_end
                0x000000000040e545                pic24_getregion
                0x000000000040e670                pic24_program_data
                0x000000000040e881                pic24_verify_data
 .text          0x000000000040e9e4     0x1652 pic32.o
                0x000000000040e9e4                pic32_get_program_size
                0x000000000040e9fe                pic32_get_boot_size
                0x000000000040ea18                pic32_dumpconfig
                0x000000000040ea5b                pic32_selector
                0x000000000040eb1f                pic32_view_data
                0x000000000040eb93                pic32_dumphexcode
                0x000000000040ecd1                pic32_dumpinhxcode
                0x000000000040edea                pic32_dumpdeviceid
                0x000000000040eed7                pic32_arch
                0x000000000040eee9                pic32_setmode
                0x000000000040eef4                pic32_program_verify
                0x000000000040ef91                pic32_standby
                0x000000000040efc8                pic32_program_end
                0x000000000040efe3                pic32_sendcommand
                0x000000000040f042                pic32_xferdata
                0x000000000040f0a4                pic32_bulk_erase
                0x000000000040f1b0                pic32_xferfastdata
                0x000000000040f237                pic32_xferinstruction
                0x000000000040f32d                pic32_readfromaddress_m4k
                0x000000000040f38a                pic32_check_device_status
                0x000000000040f3b6                pic32_enter_serial_execution_mode
                0x000000000040f4b6                pic32_read_config_memory
                0x000000000040f65d                pic32_download_pe_m4k
                0x000000000040f7eb                pic32_download_data_block_m4k
                0x000000000040f86c                pic32_flash_row_write_m4k
                0x000000000040fa40                pic32_pe_row_program
                0x000000000040fae7                pic32_write_panel
                0x000000000040fb38                pic32_pe_read
                0x000000000040fbd7                pic32_pe_load
                0x000000000040fc56                pic32_program_begin
                0x000000000040fc67                pic32_pe_readword
                0x000000000040fca4                pic32_read_program_memory_block
                0x000000000040fd23                pic32_getregion
                0x000000000040fda2                pic32_program_data
                0x000000000040fea3                pic32_verify_data
 .text          0x0000000000410036      0x238 serial_posix.o
                0x0000000000410036                serial_open
                0x0000000000410113                serial_close
                0x0000000000410123                get_cts
                0x000000000041016a                set_dtr
                0x00000000004101d2                set_rts
                0x000000000041023a                set_tx
                0x0000000000410253                serial_speed
 .text          0x000000000041026e      0x343 stk500v2.o
                0x000000000041026e                stk500v2_open
                0x00000000004102ad                stk500v2_close
                0x00000000004102d9                stk500v2_recv
                0x00000000004104db                stk500v2_send
 .text          0x00000000004105b1      0x6e1 stk500v2_load.o
                0x000000000041067c                stk500v2_panel
                0x0000000000410908                stk500v2_load
 .text          0x0000000000410c92      0x4bd stk500v2_listen.o
                0x0000000000410efb                stk500v2_listen
 .text          0x000000000041114f      0x291 ip.o
                0x000000000041114f                ip_connect
                0x000000000041126d                ip_listen
 .text          0x00000000004113e0      0x281 rw.o
                0x00000000004113e0                rw_get
                0x00000000004114f5                rw_read
                0x0000000000411536                rw_write
 .text          0x0000000000411661      0x273 mcp23017.o
                0x0000000000411661                mcp_close
                0x0000000000411679                mcp_set
                0x00000000004116e1                mcp_open
                0x000000000041175d                mcp_get
                0x00000000004117f9                mcp_set_pgd
                0x000000000041181e                mcp_set_pgc
                0x0000000000411843                mcp_set_pgm
                0x0000000000411868                mcp_set_vpp
                0x000000000041188d                mcp_get_pgd
 .text          0x00000000004118d4       0xa2 gpio-bb.o
                0x00000000004118d4                gpio_bb_open
                0x000000000041191f                gpio_bb_close
                0x0000000000411937                gpio_bb_io
                0x000000000041194c                gpio_bb_configure
                0x0000000000411961                gpio_bb_shift
 *fill*         0x0000000000411976        0xa 
 .text          0x0000000000411980       0x72 /usr/lib/x86_64-linux-gnu/libc_nonshared.a(elf-init.oS)
                0x0000000000411980                __libc_csu_init
                0x00000000004119f0                __libc_csu_fini
 *fill*         0x00000000004119f2        0xe 
 .text          0x0000000000411a00       0x10 /usr/lib/x86_64-linux-gnu/libc_nonshared.a(stat.oS)
                0x0000000000411a00                __stat
                0x0000000000411a00                stat
 .text          0x0000000000411a10        0x0 /usr/lib/gcc/x86_64-linux-gnu/4.9/crtend.o
 .text          0x0000000000411a10        0x0 /usr/lib/gcc/x86_64-linux-gnu/4.9/../../../x86_64-linux-gnu/crtn.o
 *(.gnu.warning)

.fini           0x0000000000411a10        0x9
 *(SORT(.fini))
 .fini          0x0000000000411a10        0x4 /usr/lib/gcc/x86_64-linux-gnu/4.9/../../../x86_64-linux-gnu/crti.o
                0x0000000000411a10                _fini
 .fini          0x0000000000411a14        0x5 /usr/lib/gcc/x86_64-linux-gnu/4.9/../../../x86_64-linux-gnu/crtn.o
                [!provide]                        PROVIDE (__etext, .)
                [!provide]                        PROVIDE (_etext, .)
                [!provide]                        PROVIDE (etext, .)

.rodata         0x0000000000411a40     0x56dd
 *(.rodata .rodata.* .gnu.linkonce.r.*)
 .rodata.cst4   0x0000000000411a40        0x4 /usr/lib/gcc/x86_64-linux-gnu/4.9/../../../x86_64-linux-gnu/crt1.o
                0x0000000000411a40                _IO_stdin_used
 .rodata.str1.1
                0x0000000000411a44     0x226f pickle.o
                                       0x2293 (size before relaxing)
 *fill*         0x0000000000413cb3        0x5 
 .rodata        0x0000000000413cb8       0x3e pickle.o
                0x0000000000413cf1                VERSION
 .rodata.str1.1
                0x0000000000413cf6       0xfe dotconf.o
                                        0x135 (size before relaxing)
 *fill*         0x0000000000413df4        0x4 
 .rodata        0x0000000000413df8       0x1b dotconf.o
 .rodata.str1.1
                0x0000000000413e13       0xdd inhx32.o
                                         0xe6 (size before relaxing)
 .rodata        0x0000000000413ef0       0x63 inhx32.o
 .rodata.str1.1
                0x0000000000413f53      0x7bf io.o
                                        0x7d3 (size before relaxing)
 *fill*         0x0000000000414712        0xe 
 .rodata        0x0000000000414720      0x118 io.o
 .rodata.str1.1
                0x0000000000414838      0x5c9 pic.o
                                        0x666 (size before relaxing)
 *fill*         0x0000000000414e01        0xf 
 .rodata        0x0000000000414e10      0x2e5 pic.o
 .rodata.str1.1
                0x00000000004150f5       0x19 util.o
 .rodata.str1.1
                0x000000000041510e      0x30f pic12.o
                                        0x325 (size before relaxing)
 *fill*         0x000000000041541d        0x3 
 .rodata        0x0000000000415420      0x149 pic12.o
 .rodata.str1.1
                0x0000000000415569      0x3ac pic14.o
                                        0x5a6 (size before relaxing)
 *fill*         0x0000000000415915        0xb 
 .rodata        0x0000000000415920      0x213 pic14.o
 .rodata.str1.1
                0x0000000000415b33      0x220 pic16.o
                                        0x38f (size before relaxing)
 *fill*         0x0000000000415d53        0xd 
 .rodata        0x0000000000415d60      0x131 pic16.o
 .rodata.str1.1
                0x0000000000415e91      0x337 pic24.o
                                        0x45c (size before relaxing)
 *fill*         0x00000000004161c8       0x38 
 .rodata        0x0000000000416200      0x4ae pic24.o
 .rodata.str1.1
                0x00000000004166ae      0x294 pic32.o
                                        0x335 (size before relaxing)
 *fill*         0x0000000000416942       0x3e 
 .rodata        0x0000000000416980      0x243 pic32.o
 *fill*         0x0000000000416bc3       0x3d 
 .rodata        0x0000000000416c00      0x100 serial_posix.o
 .rodata.str1.1
                0x0000000000416d00       0xfd stk500v2.o
 *fill*         0x0000000000416dfd        0x3 
 .rodata        0x0000000000416e00        0xe stk500v2.o
 .rodata.str1.1
                0x0000000000416e0e      0x186 stk500v2_load.o
                                        0x1a5 (size before relaxing)
 *fill*         0x0000000000416f94        0x4 
 .rodata        0x0000000000416f98       0x2f stk500v2_load.o
 .rodata.str1.1
                0x0000000000416fc7       0x1e stk500v2_listen.o
 *fill*         0x0000000000416fc7        0x9 
 .rodata        0x0000000000416fd0       0x10 stk500v2_listen.o
 .rodata.str1.1
                0x0000000000416fe0       0xc0 ip.o
 .rodata        0x00000000004170a0       0x1b ip.o
 .rodata.str1.1
                0x00000000004170bb       0x1e mcp23017.o
 *fill*         0x00000000004170d9        0x7 
 .rodata        0x00000000004170e0       0x10 mcp23017.o
 .rodata.str1.1
                0x00000000004170f0       0x1f gpio-bb.o
 *fill*         0x000000000041710f        0x1 
 .rodata        0x0000000000417110        0xd gpio-bb.o

.rodata1
 *(.rodata1)

.eh_frame_hdr   0x0000000000417120      0xc1c
 *(.eh_frame_hdr)
 .eh_frame_hdr  0x0000000000417120      0xc1c /usr/lib/gcc/x86_64-linux-gnu/4.9/../../../x86_64-linux-gnu/crt1.o

.eh_frame       0x0000000000417d40     0x3d34
 *(.eh_frame)
 .eh_frame      0x0000000000417d40       0x30 /usr/lib/gcc/x86_64-linux-gnu/4.9/../../../x86_64-linux-gnu/crt1.o
 .eh_frame      0x0000000000417d70       0x40 /usr/lib/gcc/x86_64-linux-gnu/4.9/../../../x86_64-linux-gnu/crt1.o
 .eh_frame      0x0000000000417db0      0x1c0 pickle.o
                                        0x1b8 (size before relaxing)
 .eh_frame      0x0000000000417f70       0xb8 dotconf.o
                                         0xc8 (size before relaxing)
 .eh_frame      0x0000000000418028      0x1a0 inhx32.o
                                        0x1a8 (size before relaxing)
 .eh_frame      0x00000000004181c8      0x598 io.o
                                        0x570 (size before relaxing)
 .eh_frame      0x0000000000418760      0x6e8 pic.o
                                        0x690 (size before relaxing)
 .eh_frame      0x0000000000418e48       0xb8 util.o
                                         0xc8 (size before relaxing)
 .eh_frame      0x0000000000418f00      0x5e8 pic12.o
                                        0x5c0 (size before relaxing)
 .eh_frame      0x00000000004194e8      0x7e8 pic14.o
                                        0x7a0 (size before relaxing)
 .eh_frame      0x0000000000419cd0      0x810 pic16.o
                                        0x7d0 (size before relaxing)
 .eh_frame      0x000000000041a4e0      0x990 pic24.o
                                        0x930 (size before relaxing)
 .eh_frame      0x000000000041ae70      0x5a8 pic32.o
                                        0x588 (size before relaxing)
 .eh_frame      0x000000000041b418       0xe0 serial_posix.o
                                         0xf0 (size before relaxing)
 .eh_frame      0x000000000041b4f8       0xa0 stk500v2.o
                                         0xb0 (size before relaxing)
 .eh_frame      0x000000000041b598       0xe0 stk500v2_load.o
                                         0xf0 (size before relaxing)
 .eh_frame      0x000000000041b678       0xd0 stk500v2_listen.o
                                         0xd8 (size before relaxing)
 .eh_frame      0x000000000041b748       0x68 ip.o
                                         0x78 (size before relaxing)
 .eh_frame      0x000000000041b7b0       0xe0 rw.o
                                         0xf0 (size before relaxing)
 .eh_frame      0x000000000041b890       0xf0 mcp23017.o
                                         0xf8 (size before relaxing)
 .eh_frame      0x000000000041b980       0x78 gpio-bb.o
                                         0x88 (size before relaxing)
 .eh_frame      0x000000000041b9f8       0x60 /usr/lib/x86_64-linux-gnu/libc_nonshared.a(elf-init.oS)
                                         0x78 (size before relaxing)
 .eh_frame      0x000000000041ba58       0x18 /usr/lib/x86_64-linux-gnu/libc_nonshared.a(stat.oS)
                                         0x30 (size before relaxing)
 .eh_frame      0x000000000041ba70        0x4 /usr/lib/gcc/x86_64-linux-gnu/4.9/crtend.o

.gcc_except_table
 *(.gcc_except_table .gcc_except_table.*)

.exception_ranges
 *(.exception_ranges .exception_ranges*)
                0x000000000041ba74                . = (ALIGN (0x200000) - ((0x200000 - .) & 0x1fffff))
                0x000000000061be0c                . = DATA_SEGMENT_ALIGN (0x200000, 0x1000)

.eh_frame
 *(.eh_frame)

.gcc_except_table
 *(.gcc_except_table .gcc_except_table.*)

.exception_ranges
 *(.exception_ranges .exception_ranges*)

.tdata
 *(.tdata .tdata.* .gnu.linkonce.td.*)

.tbss
 *(.tbss .tbss.* .gnu.linkonce.tb.*)
 *(.tcommon)

.preinit_array  0x000000000061be0c        0x0
                [!provide]                        PROVIDE (__preinit_array_start, .)
 *(.preinit_array)
                [!provide]                        PROVIDE (__preinit_array_end, .)

.init_array     0x000000000061be10        0x8
                0x000000000061be10                PROVIDE (__init_array_start, .)
 *(SORT(.init_array.*) SORT(.ctors.*))
 *(.init_array EXCLUDE_FILE(*crtend?.o *crtend.o *crtbegin?.o *crtbegin.o) .ctors)
 .init_array    0x000000000061be10        0x8 /usr/lib/gcc/x86_64-linux-gnu/4.9/crtbegin.o
                0x000000000061be18                PROVIDE (__init_array_end, .)

.fini_array     0x000000000061be18        0x8
                [!provide]                        PROVIDE (__fini_array_start, .)
 *(SORT(.fini_array.*) SORT(.dtors.*))
 *(.fini_array EXCLUDE_FILE(*crtend?.o *crtend.o *crtbegin?.o *crtbegin.o) .dtors)
 .fini_array    0x000000000061be18        0x8 /usr/lib/gcc/x86_64-linux-gnu/4.9/crtbegin.o
                [!provide]                        PROVIDE (__fini_array_end, .)

.ctors
 *crtbegin.o(.ctors)
 *crtbegin?.o(.ctors)
 *(EXCLUDE_FILE(*crtend?.o *crtend.o) .ctors)
 *(SORT(.ctors.*))
 *(.ctors)

.dtors
 *crtbegin.o(.dtors)
 *crtbegin?.o(.dtors)
 *(EXCLUDE_FILE(*crtend?.o *crtend.o) .dtors)
 *(SORT(.dtors.*))
 *(.dtors)

.jcr            0x000000000061be20        0x8
 *(.jcr)
 .jcr           0x000000000061be20        0x0 /usr/lib/gcc/x86_64-linux-gnu/4.9/crtbegin.o
 .jcr           0x000000000061be20        0x8 /usr/lib/gcc/x86_64-linux-gnu/4.9/crtend.o

.data.rel.ro
 *(.data.rel.ro.local* .gnu.linkonce.d.rel.ro.local.*)
 *(.data.rel.ro .data.rel.ro.* .gnu.linkonce.d.rel.ro.*)

.dynamic        0x000000000061be28      0x1d0
 *(.dynamic)
 .dynamic       0x000000000061be28      0x1d0 /usr/lib/gcc/x86_64-linux-gnu/4.9/../../../x86_64-linux-gnu/crt1.o
                0x000000000061be28                _DYNAMIC

.got            0x000000000061bff8        0x8
 *(.got)
 .got           0x000000000061bff8        0x8 /usr/lib/gcc/x86_64-linux-gnu/4.9/../../../x86_64-linux-gnu/crt1.o
 *(.igot)
                0x000000000061cfe8                . = DATA_SEGMENT_RELRO_END (., (SIZEOF (.got.plt) >= 0x18)?0x18:0x0)

.got.plt        0x000000000061c000      0x270
 *(.got.plt)
 .got.plt       0x000000000061c000      0x270 /usr/lib/gcc/x86_64-linux-gnu/4.9/../../../x86_64-linux-gnu/crt1.o
                0x000000000061c000                _GLOBAL_OFFSET_TABLE_
 *(.igot.plt)
 .igot.plt      0x000000000061c270        0x0 /usr/lib/gcc/x86_64-linux-gnu/4.9/../../../x86_64-linux-gnu/crt1.o

.data           0x000000000061c280    0x7c090
 *(.data .data.* .gnu.linkonce.d.*)
 .data          0x000000000061c280        0x4 /usr/lib/gcc/x86_64-linux-gnu/4.9/../../../x86_64-linux-gnu/crt1.o
                0x000000000061c280                data_start
                0x000000000061c280                __data_start
 .data          0x000000000061c284        0x0 /usr/lib/gcc/x86_64-linux-gnu/4.9/../../../x86_64-linux-gnu/crti.o
 *fill*         0x000000000061c284        0x4 
 .data          0x000000000061c288        0x8 /usr/lib/gcc/x86_64-linux-gnu/4.9/crtbegin.o
                0x000000000061c288                __dso_handle
 .data          0x000000000061c290        0x0 pickle.o
 .data          0x000000000061c290        0x0 dotconf.o
 .data          0x000000000061c290        0x0 inhx32.o
 .data          0x000000000061c290        0x5 io.o
 .data          0x000000000061c295        0x0 pic.o
 .data          0x000000000061c295        0x0 util.o
 *fill*         0x000000000061c295       0x2b 
 .data          0x000000000061c2c0     0x28b8 pic12.o
                0x000000000061c2c0                pic12_index
                0x000000000061c300                pic12_map
                0x000000000061ea80                pic12_ops
 *fill*         0x000000000061eb78        0x8 
 .data          0x000000000061eb80    0x22c38 pic14.o
                0x000000000061eb80                pic14_index
                0x000000000061ebc0                pic14_map
                0x00000000006416c0                pic14_ops
 *fill*         0x00000000006417b8        0x8 
 .data          0x00000000006417c0    0x17f78 pic16.o
                0x00000000006417c0                pic16_index
                0x0000000000641800                pic16_map
                0x0000000000659640                pic16_ops
 *fill*         0x0000000000659738        0x8 
 .data          0x0000000000659740    0x2ef78 pic24.o
                0x0000000000659740                pic24_tab
                0x0000000000659948                pic24_index
                0x0000000000659980                pic24_map
                0x00000000006885c0                pic24_ops
 *fill*         0x00000000006886b8        0x8 
 .data          0x00000000006886c0     0xfc38 pic32.o
                0x0000000000688700                pic32_tab
                0x0000000000689318                pic32_index
                0x0000000000689340                pic32_map
                0x0000000000698200                pic32_ops
 .data          0x00000000006982f8        0x0 serial_posix.o
 .data          0x00000000006982f8       0x10 stk500v2.o
                0x00000000006982f8                stk_signon_msg
                0x0000000000698304                stk_fsock
 .data          0x0000000000698308        0x0 stk500v2_load.o
 .data          0x0000000000698308        0x0 stk500v2_listen.o
 .data          0x0000000000698308        0x0 ip.o
 .data          0x0000000000698308        0x0 rw.o
 .data          0x0000000000698308        0x4 mcp23017.o
 .data          0x000000000069830c        0x4 gpio-bb.o
                0x000000000069830c                gpio_bb_fd
 .data          0x0000000000698310        0x0 /usr/lib/x86_64-linux-gnu/libc_nonshared.a(elf-init.oS)
 .data          0x0000000000698310        0x0 /usr/lib/x86_64-linux-gnu/libc_nonshared.a(stat.oS)
 .data          0x0000000000698310        0x0 /usr/lib/gcc/x86_64-linux-gnu/4.9/crtend.o
 .data          0x0000000000698310        0x0 /usr/lib/gcc/x86_64-linux-gnu/4.9/../../../x86_64-linux-gnu/crtn.o

.tm_clone_table
                0x0000000000698310        0x0
 .tm_clone_table
                0x0000000000698310        0x0 /usr/lib/gcc/x86_64-linux-gnu/4.9/crtbegin.o
 .tm_clone_table
                0x0000000000698310        0x0 /usr/lib/gcc/x86_64-linux-gnu/4.9/crtend.o

.data1
 *(.data1)
                0x0000000000698310                _edata = .
                [!provide]                        PROVIDE (edata, .)
                0x0000000000698310                . = .
                0x0000000000698310                __bss_start = .

.bss            0x0000000000698340     0x1428
 *(.dynbss)
 .dynbss        0x0000000000698340       0x28 /usr/lib/gcc/x86_64-linux-gnu/4.9/../../../x86_64-linux-gnu/crt1.o
                0x0000000000698340                stdout@@GLIBC_2.2.5
                0x0000000000698350                stdin@@GLIBC_2.2.5
                0x0000000000698360                stderr@@GLIBC_2.2.5
 *(.bss .bss.* .gnu.linkonce.b.*)
 .bss           0x0000000000698368        0x0 /usr/lib/gcc/x86_64-linux-gnu/4.9/../../../x86_64-linux-gnu/crt1.o
 .bss           0x0000000000698368        0x0 /usr/lib/gcc/x86_64-linux-gnu/4.9/../../../x86_64-linux-gnu/crti.o
 .bss           0x0000000000698368        0x1 /usr/lib/gcc/x86_64-linux-gnu/4.9/crtbegin.o
 *fill*         0x0000000000698369       0x17 
 .bss           0x0000000000698380      0x850 pickle.o
                0x0000000000698380                p
 .bss           0x0000000000698bd0        0x0 dotconf.o
 .bss           0x0000000000698bd0        0x2 inhx32.o
 *fill*         0x0000000000698bd2        0x6 
 .bss           0x0000000000698bd8       0x30 io.o
                0x0000000000698bd8                io_stop
 .bss           0x0000000000698c08       0x1a pic.o
 .bss           0x0000000000698c22        0x0 util.o
 *fill*         0x0000000000698c22        0x2 
 .bss           0x0000000000698c24        0xa pic12.o
 *fill*         0x0000000000698c2e        0x2 
 .bss           0x0000000000698c30        0xa pic14.o
 .bss           0x0000000000698c3a        0x0 pic16.o
 .bss           0x0000000000698c3a        0x0 pic24.o
 *fill*         0x0000000000698c3a        0x6 
 .bss           0x0000000000698c40      0x400 pic32.o
 .bss           0x0000000000699040        0x0 serial_posix.o
 .bss           0x0000000000699040        0x0 stk500v2.o
 .bss           0x0000000000699040        0x0 stk500v2_load.o
 .bss           0x0000000000699040        0xc stk500v2_listen.o
 .bss           0x000000000069904c        0x0 ip.o
 .bss           0x000000000069904c        0x0 rw.o
 .bss           0x000000000069904c        0x1 mcp23017.o
 .bss           0x000000000069904d        0x0 gpio-bb.o
 .bss           0x000000000069904d        0x0 /usr/lib/x86_64-linux-gnu/libc_nonshared.a(elf-init.oS)
 .bss           0x000000000069904d        0x0 /usr/lib/x86_64-linux-gnu/libc_nonshared.a(stat.oS)
 .bss           0x000000000069904d        0x0 /usr/lib/gcc/x86_64-linux-gnu/4.9/crtend.o
 .bss           0x000000000069904d        0x0 /usr/lib/gcc/x86_64-linux-gnu/4.9/../../../x86_64-linux-gnu/crtn.o
 *(COMMON)
 *fill*         0x000000000069904d        0x3 
 COMMON         0x0000000000699050        0xe pic12.o
                0x0000000000699050                pic12_conf
 *fill*         0x000000000069905e       0x22 
 COMMON         0x0000000000699080       0x58 pic14.o
                0x0000000000699080                pic14_conf
 *fill*         0x00000000006990d8        0x8 
 COMMON         0x00000000006990e0       0x1a pic16.o
                0x00000000006990e0                pic16_conf
 *fill*         0x00000000006990fa        0x6 
 COMMON         0x0000000000699100      0x2f4 pic24.o
                0x0000000000699100                pic24_conf
 *fill*         0x00000000006993f4        0xc 
 COMMON         0x0000000000699400      0x21c pic32.o
                0x0000000000699400                pic32_conf
 *fill*         0x000000000069961c       0x24 
 COMMON         0x0000000000699640      0x121 stk500v2.o
                0x0000000000699640                stk_msg
                0x0000000000699754                stk_addr_size
                0x0000000000699758                stk_timeout
                0x000000000069975c                stk_addr
                0x0000000000699760                stk_seqnum
                0x0000000000699768                . = ALIGN ((. != 0x0)?0x8:0x1)
 *fill*         0x0000000000699761        0x7 

.lbss
 *(.dynlbss)
 *(.lbss .lbss.* .gnu.linkonce.lb.*)
 *(LARGE_COMMON)
                0x0000000000699768                . = ALIGN (0x8)
                0x0000000000699768                . = SEGMENT_START ("ldata-segment", .)

.lrodata
 *(.lrodata .lrodata.* .gnu.linkonce.lr.*)

.ldata          0x0000000000a99768        0x0
 *(.ldata .ldata.* .gnu.linkonce.l.*)
                0x0000000000a99768                . = ALIGN ((. != 0x0)?0x8:0x1)
                0x0000000000a99768                . = ALIGN (0x8)
                0x0000000000a99768                _end = .
                [!provide]                        PROVIDE (end, .)
                0x0000000000a99768                . = DATA_SEGMENT_END (.)

.stab
 *(.stab)

.stabstr
 *(.stabstr)

.stab.excl
 *(.stab.excl)

.stab.exclstr
 *(.stab.exclstr)

.stab.index
 *(.stab.index)

.stab.indexstr
 *(.stab.indexstr)

.comment        0x0000000000000000       0x4a
 *(.comment)
 .comment       0x0000000000000000       0x25 /usr/lib/gcc/x86_64-linux-gnu/4.9/crtbegin.o
                                         0x26 (size before relaxing)
 .comment       0x0000000000000025       0x26 pickle.o
 .comment       0x0000000000000025       0x26 dotconf.o
 .comment       0x0000000000000025       0x26 inhx32.o
 .comment       0x0000000000000025       0x26 io.o
 .comment       0x0000000000000025       0x26 pic.o
 .comment       0x0000000000000025       0x26 util.o
 .comment       0x0000000000000025       0x26 pic12.o
 .comment       0x0000000000000025       0x26 pic14.o
 .comment       0x0000000000000025       0x26 pic16.o
 .comment       0x0000000000000025       0x26 pic24.o
 .comment       0x0000000000000025       0x26 pic32.o
 .comment       0x0000000000000025       0x26 serial_posix.o
 .comment       0x0000000000000025       0x26 stk500v2.o
 .comment       0x0000000000000025       0x26 stk500v2_load.o
 .comment       0x0000000000000025       0x26 stk500v2_listen.o
 .comment       0x0000000000000025       0x26 ip.o
 .comment       0x0000000000000025       0x26 rw.o
 .comment       0x0000000000000025       0x26 mcp23017.o
 .comment       0x0000000000000025       0x26 gpio-bb.o
 .comment       0x0000000000000025       0x25 /usr/lib/x86_64-linux-gnu/libc_nonshared.a(elf-init.oS)
                                         0x26 (size before relaxing)
 .comment       0x000000000000004a       0x26 /usr/lib/x86_64-linux-gnu/libc_nonshared.a(stat.oS)
 .comment       0x000000000000004a       0x26 /usr/lib/gcc/x86_64-linux-gnu/4.9/crtend.o

.debug
 *(.debug)

.line
 *(.line)

.debug_srcinfo
 *(.debug_srcinfo)

.debug_sfnames
 *(.debug_sfnames)

.debug_aranges
 *(.debug_aranges)

.debug_pubnames
 *(.debug_pubnames)

.debug_info
 *(.debug_info .gnu.linkonce.wi.*)

.debug_abbrev
 *(.debug_abbrev)

.debug_line
 *(.debug_line .debug_line.* .debug_line_end)

.debug_frame
 *(.debug_frame)

.debug_str
 *(.debug_str)

.debug_loc
 *(.debug_loc)

.debug_macinfo
 *(.debug_macinfo)

.debug_weaknames
 *(.debug_weaknames)

.debug_funcnames
 *(.debug_funcnames)

.debug_typenames
 *(.debug_typenames)

.debug_varnames
 *(.debug_varnames)

.debug_pubtypes
 *(.debug_pubtypes)

.debug_ranges
 *(.debug_ranges)

.debug_macro
 *(.debug_macro)

.gnu.attributes
 *(.gnu.attributes)

/DISCARD/
 *(.note.GNU-stack)
 *(.gnu_debuglink)
 *(.gnu.lto_*)
OUTPUT(pickle elf64-x86-64)
