Archive member included to satisfy reference by file (symbol)

/usr/lib/x86_64-linux-gnu/libc_nonshared.a(elf-init.oS)
                              /usr/lib/gcc/x86_64-linux-gnu/4.9/../../../x86_64-linux-gnu/crt1.o (__libc_csu_init)
/usr/lib/x86_64-linux-gnu/libc_nonshared.a(stat.oS)
                              dotconf.o (stat)

Discarded input sections

 .note.GNU-stack
                0x0000000000000000        0x0 /usr/lib/gcc/x86_64-linux-gnu/4.9/../../../x86_64-linux-gnu/crt1.o
 .gnu_debuglink
                0x0000000000000000        0xc /usr/lib/gcc/x86_64-linux-gnu/4.9/../../../x86_64-linux-gnu/crt1.o
 .note.GNU-stack
                0x0000000000000000        0x0 /usr/lib/gcc/x86_64-linux-gnu/4.9/../../../x86_64-linux-gnu/crti.o
 .gnu_debuglink
                0x0000000000000000        0xc /usr/lib/gcc/x86_64-linux-gnu/4.9/../../../x86_64-linux-gnu/crti.o
 .note.GNU-stack
                0x0000000000000000        0x0 /usr/lib/gcc/x86_64-linux-gnu/4.9/crtbegin.o
 .note.GNU-stack
                0x0000000000000000        0x0 pio.o
 .note.GNU-stack
                0x0000000000000000        0x0 dotconf.o
 .note.GNU-stack
                0x0000000000000000        0x0 io.o
 .note.GNU-stack
                0x0000000000000000        0x0 util.o
 .note.GNU-stack
                0x0000000000000000        0x0 serial_posix.o
 .note.GNU-stack
                0x0000000000000000        0x0 mcp23017.o
 .note.GNU-stack
                0x0000000000000000        0x0 gpio-bb.o
 .note.GNU-stack
                0x0000000000000000        0x0 /usr/lib/x86_64-linux-gnu/libc_nonshared.a(elf-init.oS)
 .note.GNU-stack
                0x0000000000000000        0x0 /usr/lib/x86_64-linux-gnu/libc_nonshared.a(stat.oS)
 .note.GNU-stack
                0x0000000000000000        0x0 /usr/lib/gcc/x86_64-linux-gnu/4.9/crtend.o
 .note.GNU-stack
                0x0000000000000000        0x0 /usr/lib/gcc/x86_64-linux-gnu/4.9/../../../x86_64-linux-gnu/crtn.o
 .gnu_debuglink
                0x0000000000000000        0xc /usr/lib/gcc/x86_64-linux-gnu/4.9/../../../x86_64-linux-gnu/crtn.o

Memory Configuration

Name             Origin             Length             Attributes
*default*        0x0000000000000000 0xffffffffffffffff

Linker script and memory map

LOAD /usr/lib/gcc/x86_64-linux-gnu/4.9/../../../x86_64-linux-gnu/crt1.o
LOAD /usr/lib/gcc/x86_64-linux-gnu/4.9/../../../x86_64-linux-gnu/crti.o
LOAD /usr/lib/gcc/x86_64-linux-gnu/4.9/crtbegin.o
LOAD pio.o
LOAD dotconf.o
LOAD io.o
LOAD util.o
LOAD serial_posix.o
LOAD mcp23017.o
LOAD gpio-bb.o
LOAD /usr/lib/gcc/x86_64-linux-gnu/4.9/libgcc.a
LOAD /usr/lib/gcc/x86_64-linux-gnu/4.9/libgcc_s.so
LOAD /usr/lib/gcc/x86_64-linux-gnu/4.9/../../../x86_64-linux-gnu/libc.so
START GROUP
LOAD /lib/x86_64-linux-gnu/libc.so.6
LOAD /usr/lib/x86_64-linux-gnu/libc_nonshared.a
LOAD /lib/x86_64-linux-gnu/ld-linux-x86-64.so.2
END GROUP
LOAD /usr/lib/gcc/x86_64-linux-gnu/4.9/libgcc.a
LOAD /usr/lib/gcc/x86_64-linux-gnu/4.9/libgcc_s.so
LOAD /usr/lib/gcc/x86_64-linux-gnu/4.9/crtend.o
LOAD /usr/lib/gcc/x86_64-linux-gnu/4.9/../../../x86_64-linux-gnu/crtn.o
                [!provide]                        PROVIDE (__executable_start, 0x400000)
                0x0000000000400238                . = (0x400000 + SIZEOF_HEADERS)

.interp         0x0000000000400238       0x1c
 *(.interp)
 .interp        0x0000000000400238       0x1c /usr/lib/gcc/x86_64-linux-gnu/4.9/../../../x86_64-linux-gnu/crt1.o

.note.ABI-tag   0x0000000000400254       0x20
 .note.ABI-tag  0x0000000000400254       0x20 /usr/lib/gcc/x86_64-linux-gnu/4.9/../../../x86_64-linux-gnu/crt1.o

.note.gnu.build-id
                0x0000000000400274       0x24
 *(.note.gnu.build-id)
 .note.gnu.build-id
                0x0000000000400274       0x24 /usr/lib/gcc/x86_64-linux-gnu/4.9/../../../x86_64-linux-gnu/crt1.o

.hash
 *(.hash)

.gnu.hash       0x0000000000400298       0x30
 *(.gnu.hash)
 .gnu.hash      0x0000000000400298       0x30 /usr/lib/gcc/x86_64-linux-gnu/4.9/../../../x86_64-linux-gnu/crt1.o

.dynsym         0x00000000004002c8      0x4e0
 *(.dynsym)
 .dynsym        0x00000000004002c8      0x4e0 /usr/lib/gcc/x86_64-linux-gnu/4.9/../../../x86_64-linux-gnu/crt1.o

.dynstr         0x00000000004007a8      0x1d8
 *(.dynstr)
 .dynstr        0x00000000004007a8      0x1d8 /usr/lib/gcc/x86_64-linux-gnu/4.9/../../../x86_64-linux-gnu/crt1.o

.gnu.version    0x0000000000400980       0x68
 *(.gnu.version)
 .gnu.version   0x0000000000400980       0x68 /usr/lib/gcc/x86_64-linux-gnu/4.9/../../../x86_64-linux-gnu/crt1.o

.gnu.version_d  0x00000000004009e8        0x0
 *(.gnu.version_d)
 .gnu.version_d
                0x00000000004009e8        0x0 /usr/lib/gcc/x86_64-linux-gnu/4.9/../../../x86_64-linux-gnu/crt1.o

.gnu.version_r  0x00000000004009e8       0x40
 *(.gnu.version_r)
 .gnu.version_r
                0x00000000004009e8       0x40 /usr/lib/gcc/x86_64-linux-gnu/4.9/../../../x86_64-linux-gnu/crt1.o

.rela.dyn       0x0000000000400a28       0x60
 *(.rela.init)
 *(.rela.text .rela.text.* .rela.gnu.linkonce.t.*)
 .rela.text     0x0000000000400a28        0x0 /usr/lib/gcc/x86_64-linux-gnu/4.9/../../../x86_64-linux-gnu/crt1.o
 .rela.text.startup
                0x0000000000400a28        0x0 /usr/lib/gcc/x86_64-linux-gnu/4.9/../../../x86_64-linux-gnu/crt1.o
 *(.rela.fini)
 *(.rela.rodata .rela.rodata.* .rela.gnu.linkonce.r.*)
 *(.rela.data .rela.data.* .rela.gnu.linkonce.d.*)
 *(.rela.tdata .rela.tdata.* .rela.gnu.linkonce.td.*)
 *(.rela.tbss .rela.tbss.* .rela.gnu.linkonce.tb.*)
 *(.rela.ctors)
 *(.rela.dtors)
 *(.rela.got)
 .rela.got      0x0000000000400a28       0x18 /usr/lib/gcc/x86_64-linux-gnu/4.9/../../../x86_64-linux-gnu/crt1.o
 *(.rela.bss .rela.bss.* .rela.gnu.linkonce.b.*)
 .rela.bss      0x0000000000400a40       0x48 /usr/lib/gcc/x86_64-linux-gnu/4.9/../../../x86_64-linux-gnu/crt1.o
 *(.rela.ldata .rela.ldata.* .rela.gnu.linkonce.l.*)
 *(.rela.lbss .rela.lbss.* .rela.gnu.linkonce.lb.*)
 *(.rela.lrodata .rela.lrodata.* .rela.gnu.linkonce.lr.*)
 *(.rela.ifunc)

.rela.plt       0x0000000000400a88      0x480
 *(.rela.plt)
 .rela.plt      0x0000000000400a88      0x480 /usr/lib/gcc/x86_64-linux-gnu/4.9/../../../x86_64-linux-gnu/crt1.o
                [!provide]                        PROVIDE (__rela_iplt_start, .)
 *(.rela.iplt)
 .rela.iplt     0x0000000000400f08        0x0 /usr/lib/gcc/x86_64-linux-gnu/4.9/../../../x86_64-linux-gnu/crt1.o
                [!provide]                        PROVIDE (__rela_iplt_end, .)

.init           0x0000000000400f08       0x1a
 *(SORT(.init))
 .init          0x0000000000400f08       0x15 /usr/lib/gcc/x86_64-linux-gnu/4.9/../../../x86_64-linux-gnu/crti.o
                0x0000000000400f08                _init
 .init          0x0000000000400f1d        0x5 /usr/lib/gcc/x86_64-linux-gnu/4.9/../../../x86_64-linux-gnu/crtn.o

.plt            0x0000000000400f30      0x310
 *(.plt)
 .plt           0x0000000000400f30      0x310 /usr/lib/gcc/x86_64-linux-gnu/4.9/../../../x86_64-linux-gnu/crt1.o
                0x0000000000400f40                getenv@@GLIBC_2.2.5
                0x0000000000400f50                __snprintf_chk@@GLIBC_2.3.4
                0x0000000000400f60                free@@GLIBC_2.2.5
                0x0000000000400f70                strcasecmp@@GLIBC_2.2.5
                0x0000000000400f80                __errno_location@@GLIBC_2.2.5
                0x0000000000400f90                strncpy@@GLIBC_2.2.5
                0x0000000000400fa0                toupper@@GLIBC_2.2.5
                0x0000000000400fb0                puts@@GLIBC_2.2.5
                0x0000000000400fc0                tcdrain@@GLIBC_2.2.5
                0x0000000000400fd0                fcntl@@GLIBC_2.2.5
                0x0000000000400fe0                write@@GLIBC_2.2.5
                0x0000000000400ff0                fclose@@GLIBC_2.2.5
                0x0000000000401000                cfsetospeed@@GLIBC_2.2.5
                0x0000000000401010                __stack_chk_fail@@GLIBC_2.4
                0x0000000000401020                getuid@@GLIBC_2.2.5
                0x0000000000401030                tcflush@@GLIBC_2.2.5
                0x0000000000401040                snprintf@@GLIBC_2.2.5
                0x0000000000401050                gettimeofday@@GLIBC_2.2.5
                0x0000000000401060                geteuid@@GLIBC_2.2.5
                0x0000000000401070                ioctl@@GLIBC_2.2.5
                0x0000000000401080                getcwd@@GLIBC_2.2.5
                0x0000000000401090                fgetc@@GLIBC_2.2.5
                0x00000000004010a0                close@@GLIBC_2.2.5
                0x00000000004010b0                read@@GLIBC_2.2.5
                0x00000000004010c0                __libc_start_main@@GLIBC_2.2.5
                0x00000000004010d0                fgets@@GLIBC_2.2.5
                0x00000000004010e0                signal@@GLIBC_2.2.5
                0x0000000000401100                __xpg_basename@@GLIBC_2.2.5
                0x0000000000401110                __xstat@@GLIBC_2.2.5
                0x0000000000401120                tolower@@GLIBC_2.2.5
                0x0000000000401130                fflush@@GLIBC_2.2.5
                0x0000000000401140                __printf_chk@@GLIBC_2.3.4
                0x0000000000401150                tcgetattr@@GLIBC_2.2.5
                0x0000000000401160                tcsetattr@@GLIBC_2.2.5
                0x0000000000401170                open@@GLIBC_2.2.5
                0x0000000000401180                access@@GLIBC_2.2.5
                0x0000000000401190                fopen@@GLIBC_2.2.5
                0x00000000004011a0                cfsetispeed@@GLIBC_2.2.5
                0x00000000004011b0                strtoul@@GLIBC_2.2.5
                0x00000000004011c0                exit@@GLIBC_2.2.5
                0x00000000004011d0                __fprintf_chk@@GLIBC_2.3.4
                0x00000000004011e0                setuid@@GLIBC_2.2.5
                0x00000000004011f0                strdup@@GLIBC_2.2.5
                0x0000000000401200                strerror@@GLIBC_2.2.5
                0x0000000000401210                sleep@@GLIBC_2.2.5
                0x0000000000401220                strstr@@GLIBC_2.2.5
                0x0000000000401230                usleep@@GLIBC_2.2.5
 *(.iplt)
 .iplt          0x0000000000401240        0x0 /usr/lib/gcc/x86_64-linux-gnu/4.9/../../../x86_64-linux-gnu/crt1.o

.plt.bnd
 *(.plt.bnd)

.text           0x0000000000401240     0x3f20
 *(.text.unlikely .text.*_unlikely .text.unlikely.*)
 .text.unlikely
                0x0000000000401240        0x0 /usr/lib/gcc/x86_64-linux-gnu/4.9/crtbegin.o
 .text.unlikely
                0x0000000000401240        0x0 pio.o
 .text.unlikely
                0x0000000000401240        0x0 dotconf.o
 .text.unlikely
                0x0000000000401240        0x0 io.o
 .text.unlikely
                0x0000000000401240        0x0 util.o
 .text.unlikely
                0x0000000000401240        0x0 serial_posix.o
 .text.unlikely
                0x0000000000401240        0x0 mcp23017.o
 .text.unlikely
                0x0000000000401240        0x0 gpio-bb.o
 .text.unlikely
                0x0000000000401240        0x0 /usr/lib/x86_64-linux-gnu/libc_nonshared.a(elf-init.oS)
 .text.unlikely
                0x0000000000401240        0x0 /usr/lib/x86_64-linux-gnu/libc_nonshared.a(stat.oS)
 *(.text.exit .text.exit.*)
 *(.text.startup .text.startup.*)
 .text.startup  0x0000000000401240     0x14b6 pio.o
                0x0000000000401240                main
 *(.text.hot .text.hot.*)
 *(.text .stub .text.* .gnu.linkonce.t.*)
 *fill*         0x00000000004026f6        0xa 
 .text          0x0000000000402700       0x2a /usr/lib/gcc/x86_64-linux-gnu/4.9/../../../x86_64-linux-gnu/crt1.o
                0x0000000000402700                _start
 .text          0x000000000040272a        0x0 /usr/lib/gcc/x86_64-linux-gnu/4.9/../../../x86_64-linux-gnu/crti.o
 *fill*         0x000000000040272a        0x6 
 .text          0x0000000000402730       0xc6 /usr/lib/gcc/x86_64-linux-gnu/4.9/crtbegin.o
 .text          0x00000000004027f6      0x14f pio.o
                0x00000000004027f6                usage
                0x0000000000402888                getbytearg
                0x00000000004028b0                getshortarg
                0x00000000004028d8                get24arg
                0x0000000000402904                getintarg
                0x0000000000402913                getportarg
 .text          0x0000000000402945      0x62f dotconf.o
                0x0000000000402945                getdotpath
                0x0000000000402a68                getdotfile
                0x0000000000402be1                getconf
 .text          0x0000000000402f74     0x1a96 io.o
                0x0000000000402f74                io_signal
                0x0000000000402f7f                io_signal_on
                0x0000000000402fa9                io_signal_off
                0x0000000000402fc3                io_config
                0x0000000000403061                io_release
                0x000000000040312c                io_error
                0x0000000000403173                io_fault
                0x000000000040318b                io_usleep
                0x0000000000403224                io_set_vpp
                0x000000000040332e                io_close
                0x00000000004033b3                io_exit
                0x00000000004033d8                io_open
                0x00000000004034a8                io_set_pgm
                0x0000000000403548                io_set_pgd
                0x00000000004035f6                io_set_pgc
                0x00000000004036ce                io_get_pgd
                0x0000000000403777                io_configure
                0x000000000040380c                io_data_input
                0x0000000000403837                io_clock_in_bits
                0x000000000040389e                io_clock_out_bits
                0x00000000004038e1                io_clock_bit_4phase
                0x000000000040395a                io_program_feedback
                0x00000000004039c6                io_clock_bits_4phase
                0x0000000000403a2b                io_program_in
                0x0000000000403aaf                io_program_out
                0x0000000000403b33                io_test0
                0x0000000000403d10                io_test1
                0x0000000000403f14                io_test2
                0x000000000040410f                io_test3
                0x0000000000404162                io_test4
                0x00000000004042e2                io_test_out
                0x00000000004043a2                io_test_in
                0x0000000000404503                io_test_command
                0x0000000000404745                io_test_err
                0x00000000004047b4                io_test_switch
                0x0000000000404867                io_test_lasterror
                0x000000000040490f                io_test5
 .text          0x0000000000404a0a      0x16b util.o
                0x0000000000404a0a                areyousure
                0x0000000000404a39                mystrcasestr
                0x0000000000404ae1                hex2nibble
                0x0000000000404b02                hex2byte
                0x0000000000404b31                rmcrlf
 .text          0x0000000000404b75      0x238 serial_posix.o
                0x0000000000404b75                serial_open
                0x0000000000404c52                serial_close
                0x0000000000404c62                get_cts
                0x0000000000404ca9                set_dtr
                0x0000000000404d11                set_rts
                0x0000000000404d79                set_tx
                0x0000000000404d92                serial_speed
 .text          0x0000000000404dad      0x273 mcp23017.o
                0x0000000000404dad                mcp_close
                0x0000000000404dc5                mcp_set
                0x0000000000404e2d                mcp_open
                0x0000000000404ea9                mcp_get
                0x0000000000404f45                mcp_set_pgd
                0x0000000000404f6a                mcp_set_pgc
                0x0000000000404f8f                mcp_set_pgm
                0x0000000000404fb4                mcp_set_vpp
                0x0000000000404fd9                mcp_get_pgd
 .text          0x0000000000405020       0xa2 gpio-bb.o
                0x0000000000405020                gpio_bb_open
                0x000000000040506b                gpio_bb_close
                0x0000000000405083                gpio_bb_io
                0x0000000000405098                gpio_bb_configure
                0x00000000004050ad                gpio_bb_shift
 *fill*         0x00000000004050c2        0xe 
 .text          0x00000000004050d0       0x72 /usr/lib/x86_64-linux-gnu/libc_nonshared.a(elf-init.oS)
                0x00000000004050d0                __libc_csu_init
                0x0000000000405140                __libc_csu_fini
 *fill*         0x0000000000405142        0xe 
 .text          0x0000000000405150       0x10 /usr/lib/x86_64-linux-gnu/libc_nonshared.a(stat.oS)
                0x0000000000405150                __stat
                0x0000000000405150                stat
 .text          0x0000000000405160        0x0 /usr/lib/gcc/x86_64-linux-gnu/4.9/crtend.o
 .text          0x0000000000405160        0x0 /usr/lib/gcc/x86_64-linux-gnu/4.9/../../../x86_64-linux-gnu/crtn.o
 *(.gnu.warning)

.fini           0x0000000000405160        0x9
 *(SORT(.fini))
 .fini          0x0000000000405160        0x4 /usr/lib/gcc/x86_64-linux-gnu/4.9/../../../x86_64-linux-gnu/crti.o
                0x0000000000405160                _fini
 .fini          0x0000000000405164        0x5 /usr/lib/gcc/x86_64-linux-gnu/4.9/../../../x86_64-linux-gnu/crtn.o
                [!provide]                        PROVIDE (__etext, .)
                [!provide]                        PROVIDE (_etext, .)
                [!provide]                        PROVIDE (etext, .)

.rodata         0x0000000000405180     0x141d
 *(.rodata .rodata.* .gnu.linkonce.r.*)
 .rodata.cst4   0x0000000000405180        0x4 /usr/lib/gcc/x86_64-linux-gnu/4.9/../../../x86_64-linux-gnu/crt1.o
                0x0000000000405180                _IO_stdin_used
 .rodata.str1.1
                0x0000000000405184      0x871 pio.o
                                        0x87e (size before relaxing)
 .rodata        0x00000000004059f5        0xa pio.o
                0x00000000004059fa                VERSION
 .rodata.str1.1
                0x00000000004059ff      0x105 dotconf.o
                                        0x135 (size before relaxing)
 *fill*         0x0000000000405b04        0x4 
 .rodata        0x0000000000405b08       0x1b dotconf.o
 .rodata.str1.1
                0x0000000000405b23      0x7b0 io.o
                                        0x7d3 (size before relaxing)
 *fill*         0x00000000004062d3        0xd 
 .rodata        0x00000000004062e0      0x118 io.o
 .rodata.str1.1
                0x00000000004063f8       0x19 util.o
 *fill*         0x0000000000406411       0x2f 
 .rodata        0x0000000000406440      0x100 serial_posix.o
 .rodata.str1.1
                0x0000000000406540       0x1e mcp23017.o
 *fill*         0x000000000040655e        0x2 
 .rodata        0x0000000000406560       0x10 mcp23017.o
 .rodata.str1.1
                0x0000000000406570       0x1f gpio-bb.o
 *fill*         0x000000000040658f        0x1 
 .rodata        0x0000000000406590        0xd gpio-bb.o

.rodata1
 *(.rodata1)

.eh_frame_hdr   0x00000000004065a0      0x284
 *(.eh_frame_hdr)
 .eh_frame_hdr  0x00000000004065a0      0x284 /usr/lib/gcc/x86_64-linux-gnu/4.9/../../../x86_64-linux-gnu/crt1.o

.eh_frame       0x0000000000406828      0xbac
 *(.eh_frame)
 .eh_frame      0x0000000000406828       0x30 /usr/lib/gcc/x86_64-linux-gnu/4.9/../../../x86_64-linux-gnu/crt1.o
 .eh_frame      0x0000000000406858       0x40 /usr/lib/gcc/x86_64-linux-gnu/4.9/../../../x86_64-linux-gnu/crt1.o
 .eh_frame      0x0000000000406898      0x170 pio.o
                                        0x178 (size before relaxing)
 .eh_frame      0x0000000000406a08       0xb8 dotconf.o
                                         0xc8 (size before relaxing)
 .eh_frame      0x0000000000406ac0      0x598 io.o
                                        0x570 (size before relaxing)
 .eh_frame      0x0000000000407058       0xb8 util.o
                                         0xc8 (size before relaxing)
 .eh_frame      0x0000000000407110       0xe0 serial_posix.o
                                         0xf0 (size before relaxing)
 .eh_frame      0x00000000004071f0       0xf0 mcp23017.o
                                         0xf8 (size before relaxing)
 .eh_frame      0x00000000004072e0       0x78 gpio-bb.o
                                         0x88 (size before relaxing)
 .eh_frame      0x0000000000407358       0x60 /usr/lib/x86_64-linux-gnu/libc_nonshared.a(elf-init.oS)
                                         0x78 (size before relaxing)
 .eh_frame      0x00000000004073b8       0x18 /usr/lib/x86_64-linux-gnu/libc_nonshared.a(stat.oS)
                                         0x30 (size before relaxing)
 .eh_frame      0x00000000004073d0        0x4 /usr/lib/gcc/x86_64-linux-gnu/4.9/crtend.o

.gcc_except_table
 *(.gcc_except_table .gcc_except_table.*)

.exception_ranges
 *(.exception_ranges .exception_ranges*)
                0x00000000004073d4                . = (ALIGN (0x200000) - ((0x200000 - .) & 0x1fffff))
                0x0000000000607e0c                . = DATA_SEGMENT_ALIGN (0x200000, 0x1000)

.eh_frame
 *(.eh_frame)

.gcc_except_table
 *(.gcc_except_table .gcc_except_table.*)

.exception_ranges
 *(.exception_ranges .exception_ranges*)

.tdata
 *(.tdata .tdata.* .gnu.linkonce.td.*)

.tbss
 *(.tbss .tbss.* .gnu.linkonce.tb.*)
 *(.tcommon)

.preinit_array  0x0000000000607e0c        0x0
                [!provide]                        PROVIDE (__preinit_array_start, .)
 *(.preinit_array)
                [!provide]                        PROVIDE (__preinit_array_end, .)

.init_array     0x0000000000607e10        0x8
                0x0000000000607e10                PROVIDE (__init_array_start, .)
 *(SORT(.init_array.*) SORT(.ctors.*))
 *(.init_array EXCLUDE_FILE(*crtend?.o *crtend.o *crtbegin?.o *crtbegin.o) .ctors)
 .init_array    0x0000000000607e10        0x8 /usr/lib/gcc/x86_64-linux-gnu/4.9/crtbegin.o
                0x0000000000607e18                PROVIDE (__init_array_end, .)

.fini_array     0x0000000000607e18        0x8
                [!provide]                        PROVIDE (__fini_array_start, .)
 *(SORT(.fini_array.*) SORT(.dtors.*))
 *(.fini_array EXCLUDE_FILE(*crtend?.o *crtend.o *crtbegin?.o *crtbegin.o) .dtors)
 .fini_array    0x0000000000607e18        0x8 /usr/lib/gcc/x86_64-linux-gnu/4.9/crtbegin.o
                [!provide]                        PROVIDE (__fini_array_end, .)

.ctors
 *crtbegin.o(.ctors)
 *crtbegin?.o(.ctors)
 *(EXCLUDE_FILE(*crtend?.o *crtend.o) .ctors)
 *(SORT(.ctors.*))
 *(.ctors)

.dtors
 *crtbegin.o(.dtors)
 *crtbegin?.o(.dtors)
 *(EXCLUDE_FILE(*crtend?.o *crtend.o) .dtors)
 *(SORT(.dtors.*))
 *(.dtors)

.jcr            0x0000000000607e20        0x8
 *(.jcr)
 .jcr           0x0000000000607e20        0x0 /usr/lib/gcc/x86_64-linux-gnu/4.9/crtbegin.o
 .jcr           0x0000000000607e20        0x8 /usr/lib/gcc/x86_64-linux-gnu/4.9/crtend.o

.data.rel.ro
 *(.data.rel.ro.local* .gnu.linkonce.d.rel.ro.local.*)
 *(.data.rel.ro .data.rel.ro.* .gnu.linkonce.d.rel.ro.*)

.dynamic        0x0000000000607e28      0x1d0
 *(.dynamic)
 .dynamic       0x0000000000607e28      0x1d0 /usr/lib/gcc/x86_64-linux-gnu/4.9/../../../x86_64-linux-gnu/crt1.o
                0x0000000000607e28                _DYNAMIC

.got            0x0000000000607ff8        0x8
 *(.got)
 .got           0x0000000000607ff8        0x8 /usr/lib/gcc/x86_64-linux-gnu/4.9/../../../x86_64-linux-gnu/crt1.o
 *(.igot)
                0x0000000000608fe8                . = DATA_SEGMENT_RELRO_END (., (SIZEOF (.got.plt) >= 0x18)?0x18:0x0)

.got.plt        0x0000000000608000      0x198
 *(.got.plt)
 .got.plt       0x0000000000608000      0x198 /usr/lib/gcc/x86_64-linux-gnu/4.9/../../../x86_64-linux-gnu/crt1.o
                0x0000000000608000                _GLOBAL_OFFSET_TABLE_
 *(.igot.plt)
 .igot.plt      0x0000000000608198        0x0 /usr/lib/gcc/x86_64-linux-gnu/4.9/../../../x86_64-linux-gnu/crt1.o

.data           0x0000000000608198       0x20
 *(.data .data.* .gnu.linkonce.d.*)
 .data          0x0000000000608198        0x4 /usr/lib/gcc/x86_64-linux-gnu/4.9/../../../x86_64-linux-gnu/crt1.o
                0x0000000000608198                data_start
                0x0000000000608198                __data_start
 .data          0x000000000060819c        0x0 /usr/lib/gcc/x86_64-linux-gnu/4.9/../../../x86_64-linux-gnu/crti.o
 *fill*         0x000000000060819c        0x4 
 .data          0x00000000006081a0        0x8 /usr/lib/gcc/x86_64-linux-gnu/4.9/crtbegin.o
                0x00000000006081a0                __dso_handle
 .data          0x00000000006081a8        0x0 pio.o
 .data          0x00000000006081a8        0x0 dotconf.o
 .data          0x00000000006081a8        0x5 io.o
 .data          0x00000000006081ad        0x0 util.o
 .data          0x00000000006081ad        0x0 serial_posix.o
 *fill*         0x00000000006081ad        0x3 
 .data          0x00000000006081b0        0x4 mcp23017.o
 .data          0x00000000006081b4        0x4 gpio-bb.o
                0x00000000006081b4                gpio_bb_fd
 .data          0x00000000006081b8        0x0 /usr/lib/x86_64-linux-gnu/libc_nonshared.a(elf-init.oS)
 .data          0x00000000006081b8        0x0 /usr/lib/x86_64-linux-gnu/libc_nonshared.a(stat.oS)
 .data          0x00000000006081b8        0x0 /usr/lib/gcc/x86_64-linux-gnu/4.9/crtend.o
 .data          0x00000000006081b8        0x0 /usr/lib/gcc/x86_64-linux-gnu/4.9/../../../x86_64-linux-gnu/crtn.o

.tm_clone_table
                0x00000000006081b8        0x0
 .tm_clone_table
                0x00000000006081b8        0x0 /usr/lib/gcc/x86_64-linux-gnu/4.9/crtbegin.o
 .tm_clone_table
                0x00000000006081b8        0x0 /usr/lib/gcc/x86_64-linux-gnu/4.9/crtend.o

.data1
 *(.data1)
                0x00000000006081b8                _edata = .
                [!provide]                        PROVIDE (edata, .)
                0x00000000006081b8                . = .
                0x00000000006081b8                __bss_start = .

.bss            0x00000000006081c0      0x8c8
 *(.dynbss)
 .dynbss        0x00000000006081c0       0x28 /usr/lib/gcc/x86_64-linux-gnu/4.9/../../../x86_64-linux-gnu/crt1.o
                0x00000000006081c0                stdout@@GLIBC_2.2.5
                0x00000000006081d0                stdin@@GLIBC_2.2.5
                0x00000000006081e0                stderr@@GLIBC_2.2.5
 *(.bss .bss.* .gnu.linkonce.b.*)
 .bss           0x00000000006081e8        0x0 /usr/lib/gcc/x86_64-linux-gnu/4.9/../../../x86_64-linux-gnu/crt1.o
 .bss           0x00000000006081e8        0x0 /usr/lib/gcc/x86_64-linux-gnu/4.9/../../../x86_64-linux-gnu/crti.o
 .bss           0x00000000006081e8        0x1 /usr/lib/gcc/x86_64-linux-gnu/4.9/crtbegin.o
 *fill*         0x00000000006081e9       0x17 
 .bss           0x0000000000608200      0x850 pio.o
                0x0000000000608200                p
 .bss           0x0000000000608a50        0x0 dotconf.o
 .bss           0x0000000000608a50       0x30 io.o
                0x0000000000608a50                io_stop
 .bss           0x0000000000608a80        0x0 util.o
 .bss           0x0000000000608a80        0x0 serial_posix.o
 .bss           0x0000000000608a80        0x1 mcp23017.o
 .bss           0x0000000000608a81        0x0 gpio-bb.o
 .bss           0x0000000000608a81        0x0 /usr/lib/x86_64-linux-gnu/libc_nonshared.a(elf-init.oS)
 .bss           0x0000000000608a81        0x0 /usr/lib/x86_64-linux-gnu/libc_nonshared.a(stat.oS)
 .bss           0x0000000000608a81        0x0 /usr/lib/gcc/x86_64-linux-gnu/4.9/crtend.o
 .bss           0x0000000000608a81        0x0 /usr/lib/gcc/x86_64-linux-gnu/4.9/../../../x86_64-linux-gnu/crtn.o
 *(COMMON)
                0x0000000000608a88                . = ALIGN ((. != 0x0)?0x8:0x1)
 *fill*         0x0000000000608a81        0x7 

.lbss
 *(.dynlbss)
 *(.lbss .lbss.* .gnu.linkonce.lb.*)
 *(LARGE_COMMON)
                0x0000000000608a88                . = ALIGN (0x8)
                0x0000000000608a88                . = SEGMENT_START ("ldata-segment", .)

.lrodata
 *(.lrodata .lrodata.* .gnu.linkonce.lr.*)

.ldata          0x0000000000a08a88        0x0
 *(.ldata .ldata.* .gnu.linkonce.l.*)
                0x0000000000a08a88                . = ALIGN ((. != 0x0)?0x8:0x1)
                0x0000000000a08a88                . = ALIGN (0x8)
                0x0000000000a08a88                _end = .
                [!provide]                        PROVIDE (end, .)
                0x0000000000a08a88                . = DATA_SEGMENT_END (.)

.stab
 *(.stab)

.stabstr
 *(.stabstr)

.stab.excl
 *(.stab.excl)

.stab.exclstr
 *(.stab.exclstr)

.stab.index
 *(.stab.index)

.stab.indexstr
 *(.stab.indexstr)

.comment        0x0000000000000000       0x4a
 *(.comment)
 .comment       0x0000000000000000       0x25 /usr/lib/gcc/x86_64-linux-gnu/4.9/crtbegin.o
                                         0x26 (size before relaxing)
 .comment       0x0000000000000025       0x26 pio.o
 .comment       0x0000000000000025       0x26 dotconf.o
 .comment       0x0000000000000025       0x26 io.o
 .comment       0x0000000000000025       0x26 util.o
 .comment       0x0000000000000025       0x26 serial_posix.o
 .comment       0x0000000000000025       0x26 mcp23017.o
 .comment       0x0000000000000025       0x26 gpio-bb.o
 .comment       0x0000000000000025       0x25 /usr/lib/x86_64-linux-gnu/libc_nonshared.a(elf-init.oS)
                                         0x26 (size before relaxing)
 .comment       0x000000000000004a       0x26 /usr/lib/x86_64-linux-gnu/libc_nonshared.a(stat.oS)
 .comment       0x000000000000004a       0x26 /usr/lib/gcc/x86_64-linux-gnu/4.9/crtend.o

.debug
 *(.debug)

.line
 *(.line)

.debug_srcinfo
 *(.debug_srcinfo)

.debug_sfnames
 *(.debug_sfnames)

.debug_aranges
 *(.debug_aranges)

.debug_pubnames
 *(.debug_pubnames)

.debug_info
 *(.debug_info .gnu.linkonce.wi.*)

.debug_abbrev
 *(.debug_abbrev)

.debug_line
 *(.debug_line .debug_line.* .debug_line_end)

.debug_frame
 *(.debug_frame)

.debug_str
 *(.debug_str)

.debug_loc
 *(.debug_loc)

.debug_macinfo
 *(.debug_macinfo)

.debug_weaknames
 *(.debug_weaknames)

.debug_funcnames
 *(.debug_funcnames)

.debug_typenames
 *(.debug_typenames)

.debug_varnames
 *(.debug_varnames)

.debug_pubtypes
 *(.debug_pubtypes)

.debug_ranges
 *(.debug_ranges)

.debug_macro
 *(.debug_macro)

.gnu.attributes
 *(.gnu.attributes)

/DISCARD/
 *(.note.GNU-stack)
 *(.gnu_debuglink)
 *(.gnu.lto_*)
OUTPUT(pio elf64-x86-64)
